
There are no discarded input sections

Memory Configuration

Name             Origin             Length             Attributes
FLASH            0x00000000         0x0000c800         xr
SRAM             0x20000000         0x00002000         xrw
*default*        0x00000000         0xffffffff

Linker script and memory map


.text           0x00000000      0x15c
 startup.o(.vector_table)
 .vector_table  0x00000000      0x14c startup.o
                0x00000000                vector_table
 *(.text)
 .text          0x0000014c       0x10 startup.o
                0x0000014c                main
                0x00000152                reset_hdlr
                0x0000015c                        . = ALIGN (0x4)
                0x0000015c                        _etext = .
LOAD startup.o
OUTPUT(final.elf elf32-littlearm)
LOAD linker stubs

.data           0x0000015c        0x0
 .data          0x0000015c        0x0 startup.o

.igot.plt       0x0000015c        0x0
 .igot.plt      0x0000015c        0x0 startup.o

.glue_7         0x0000015c        0x0
 .glue_7        0x0000015c        0x0 linker stubs

.glue_7t        0x0000015c        0x0
 .glue_7t       0x0000015c        0x0 linker stubs

.vfp11_veneer   0x0000015c        0x0
 .vfp11_veneer  0x0000015c        0x0 linker stubs

.v4_bx          0x0000015c        0x0
 .v4_bx         0x0000015c        0x0 linker stubs

.iplt           0x0000015c        0x0
 .iplt          0x0000015c        0x0 startup.o

.rel.dyn        0x0000015c        0x0
 .rel.iplt      0x0000015c        0x0 startup.o

.bss            0x0000015c        0x0
 .bss           0x0000015c        0x0 startup.o

.debug_info     0x00000000       0x8d
 .debug_info    0x00000000       0x8d startup.o

.debug_abbrev   0x00000000       0x88
 .debug_abbrev  0x00000000       0x88 startup.o

.debug_aranges  0x00000000       0x20
 .debug_aranges
                0x00000000       0x20 startup.o

.debug_line     0x00000000       0x45
 .debug_line    0x00000000       0x45 startup.o

.debug_str      0x00000000       0xa6
 .debug_str     0x00000000       0xa6 startup.o

.comment        0x00000000       0x26
 .comment       0x00000000       0x26 startup.o
                                 0x27 (size before relaxing)

.ARM.attributes
                0x00000000       0x2d
 .ARM.attributes
                0x00000000       0x2d startup.o

.debug_frame    0x00000000       0x44
 .debug_frame   0x00000000       0x44 startup.o
